Release 14.7 - xst P.20131013 (lin64)
Copyright (c) 1995-2013 Xilinx, Inc.  All rights reserved.
--> 
Parameter TMPDIR set to xst/projnav.tmp


Total REAL time to Xst completion: 0.00 secs
Total CPU time to Xst completion: 0.05 secs
 
--> 
Parameter xsthdpdir set to xst


Total REAL time to Xst completion: 0.00 secs
Total CPU time to Xst completion: 0.05 secs
 
--> 
Reading design: top.prj

TABLE OF CONTENTS
  1) Synthesis Options Summary
  2) HDL Compilation
  3) Design Hierarchy Analysis
  4) HDL Analysis
  5) HDL Synthesis
     5.1) HDL Synthesis Report
  6) Advanced HDL Synthesis
     6.1) Advanced HDL Synthesis Report
  7) Low Level Synthesis
  8) Partition Report
  9) Final Report
	9.1) Device utilization summary
	9.2) Partition Resource Summary
	9.3) TIMING REPORT


=========================================================================
*                      Synthesis Options Summary                        *
=========================================================================
---- Source Parameters
Input File Name                    : "top.prj"
Input Format                       : mixed
Ignore Synthesis Constraint File   : NO

---- Target Parameters
Output File Name                   : "top"
Output Format                      : NGC
Target Device                      : xc3s500e-4-fg320

---- Source Options
Top Module Name                    : top
Automatic FSM Extraction           : YES
FSM Encoding Algorithm             : Auto
Safe Implementation                : No
FSM Style                          : LUT
RAM Extraction                     : Yes
RAM Style                          : Auto
ROM Extraction                     : Yes
Mux Style                          : Auto
Decoder Extraction                 : YES
Priority Encoder Extraction        : Yes
Shift Register Extraction          : YES
Logical Shifter Extraction         : YES
XOR Collapsing                     : YES
ROM Style                          : Auto
Mux Extraction                     : Yes
Resource Sharing                   : YES
Asynchronous To Synchronous        : NO
Multiplier Style                   : Auto
Automatic Register Balancing       : No

---- Target Options
Add IO Buffers                     : YES
Global Maximum Fanout              : 100000
Add Generic Clock Buffer(BUFG)     : 24
Register Duplication               : YES
Slice Packing                      : YES
Optimize Instantiated Primitives   : NO
Use Clock Enable                   : Yes
Use Synchronous Set                : Yes
Use Synchronous Reset              : Yes
Pack IO Registers into IOBs        : Auto
Equivalent register Removal        : YES

---- General Options
Optimization Goal                  : Speed
Optimization Effort                : 1
Keep Hierarchy                     : No
Netlist Hierarchy                  : As_Optimized
RTL Output                         : Yes
Global Optimization                : AllClockNets
Read Cores                         : YES
Write Timing Constraints           : NO
Cross Clock Analysis               : NO
Hierarchy Separator                : /
Bus Delimiter                      : <>
Case Specifier                     : Maintain
Slice Utilization Ratio            : 100
BRAM Utilization Ratio             : 100
Verilog 2001                       : YES
Auto BRAM Packing                  : NO
Slice Utilization Ratio Delta      : 5

=========================================================================


=========================================================================
*                          HDL Compilation                              *
=========================================================================
Compiling verilog file "rot_event_detect.v" in library work
Compiling verilog file "detect_edge_rise.v" in library work
Module <rot_event_detect> compiled
Compiling verilog file "top.v" in library work
Module <detect_edge_rise> compiled
Module <top> compiled
No errors in compilation
Analysis of file <"top.prj"> succeeded.
 

=========================================================================
*                     Design Hierarchy Analysis                         *
=========================================================================
Analyzing hierarchy for module <top> in library <work>.

Analyzing hierarchy for module <rot_event_detect> in library <work>.

Analyzing hierarchy for module <detect_edge_rise> in library <work>.


=========================================================================
*                            HDL Analysis                               *
=========================================================================
Analyzing top module <top>.
Module <top> is correct for synthesis.
 
Analyzing module <rot_event_detect> in library <work>.
Module <rot_event_detect> is correct for synthesis.
 
Analyzing module <detect_edge_rise> in library <work>.
Module <detect_edge_rise> is correct for synthesis.
 

=========================================================================
*                           HDL Synthesis                               *
=========================================================================

Performing bidirectional port resolution...

Synthesizing Unit <rot_event_detect>.
    Related source file is "rot_event_detect.v".
    Found 1-bit register for signal <rotation_event>.
    Summary:
	inferred   1 D-type flip-flop(s).
Unit <rot_event_detect> synthesized.


Synthesizing Unit <detect_edge_rise>.
    Related source file is "detect_edge_rise.v".
    Found 5-bit register for signal <sumx>.
    Found 5-bit register for signal <sumy>.
    Found 1-bit register for signal <prev_rotation_event>.
    Found 5-bit addsub for signal <sumx$addsub0001>.
    Found 5-bit adder carry out for signal <sumx$addsub0002> created at line 36.
    Found 6-bit comparator greater for signal <sumx$cmp_gt0000> created at line 36.
    Found 5-bit comparator less for signal <sumx$cmp_lt0000> created at line 44.
    Found 5-bit addsub for signal <sumy$addsub0001>.
    Found 5-bit adder carry out for signal <sumy$addsub0002> created at line 52.
    Found 6-bit comparator greater for signal <sumy$cmp_gt0000> created at line 52.
    Found 5-bit comparator less for signal <sumy$cmp_lt0000> created at line 60.
    Summary:
	inferred  11 D-type flip-flop(s).
	inferred   4 Adder/Subtractor(s).
	inferred   4 Comparator(s).
Unit <detect_edge_rise> synthesized.


Synthesizing Unit <top>.
    Related source file is "top.v".
Unit <top> synthesized.

INFO:Xst:1767 - HDL ADVISOR - Resource sharing has identified that some arithmetic operations in this design can share the same physical resources for reduced device utilization. For improved clock frequency you may try to disable resource sharing.

=========================================================================
HDL Synthesis Report

Macro Statistics
# Adders/Subtractors                                   : 4
 5-bit adder carry out                                 : 2
 5-bit addsub                                          : 2
# Registers                                            : 4
 1-bit register                                        : 2
 5-bit register                                        : 2
# Comparators                                          : 4
 5-bit comparator less                                 : 2
 6-bit comparator greater                              : 2

=========================================================================

=========================================================================
*                       Advanced HDL Synthesis                          *
=========================================================================


=========================================================================
Advanced HDL Synthesis Report

Macro Statistics
# Adders/Subtractors                                   : 4
 5-bit adder carry out                                 : 2
 5-bit addsub                                          : 2
# Registers                                            : 12
 Flip-Flops                                            : 12
# Comparators                                          : 4
 5-bit comparator less                                 : 2
 6-bit comparator greater                              : 2

=========================================================================

=========================================================================
*                         Low Level Synthesis                           *
=========================================================================

Optimizing unit <top> ...

Optimizing unit <detect_edge_rise> ...

Mapping all equations...
Building and optimizing final netlist ...
Found area constraint ratio of 100 (+ 5) on block top, actual ratio is 0.

Final Macro Processing ...

=========================================================================
Final Register Report

Macro Statistics
# Registers                                            : 12
 Flip-Flops                                            : 12

=========================================================================

=========================================================================
*                           Partition Report                            *
=========================================================================

Partition Implementation Status
-------------------------------

  No Partitions were found in this design.

-------------------------------

=========================================================================
*                            Final Report                               *
=========================================================================
Final Results
RTL Top Level Output File Name     : top.ngr
Top Level Output File Name         : top
Output Format                      : NGC
Optimization Goal                  : Speed
Keep Hierarchy                     : No

Design Statistics
# IOs                              : 17

Cell Usage :
# BELS                             : 53
#      LUT2                        : 4
#      LUT2_D                      : 2
#      LUT3                        : 2
#      LUT4                        : 34
#      LUT4_D                      : 2
#      LUT4_L                      : 8
#      VCC                         : 1
# FlipFlops/Latches                : 12
#      FD                          : 1
#      FDRE                        : 11
# Clock Buffers                    : 1
#      BUFGP                       : 1
# IO Buffers                       : 16
#      IBUF                        : 6
#      OBUF                        : 10
=========================================================================

Device utilization summary:
---------------------------

Selected Device : 3s500efg320-4 

 Number of Slices:                       28  out of   4656     0%  
 Number of Slice Flip Flops:             12  out of   9312     0%  
 Number of 4 input LUTs:                 52  out of   9312     0%  
 Number of IOs:                          17
 Number of bonded IOBs:                  17  out of    232     7%  
 Number of GCLKs:                         1  out of     24     4%  

---------------------------
Partition Resource Summary:
---------------------------

  No Partitions were found in this design.

---------------------------


=========================================================================
TIMING REPORT

NOTE: THESE TIMING NUMBERS ARE ONLY A SYNTHESIS ESTIMATE.
      FOR ACCURATE TIMING INFORMATION PLEASE REFER TO THE TRACE REPORT
      GENERATED AFTER PLACE-and-ROUTE.

Clock Information:
------------------
-----------------------------------+------------------------+-------+
Clock Signal                       | Clock buffer(FF name)  | Load  |
-----------------------------------+------------------------+-------+
clk                                | BUFGP                  | 12    |
-----------------------------------+------------------------+-------+

Asynchronous Control Signals Information:
----------------------------------------
No asynchronous control signals found in this design

Timing Summary:
---------------
Speed Grade: -4

   Minimum period: 4.827ns (Maximum Frequency: 207.168MHz)
   Minimum input arrival time before clock: 7.135ns
   Maximum output required time after clock: 4.620ns
   Maximum combinational path delay: No path found

Timing Detail:
--------------
All values displayed in nanoseconds (ns)

=========================================================================
Timing constraint: Default period analysis for Clock 'clk'
  Clock period: 4.827ns (frequency: 207.168MHz)
  Total number of paths / destination ports: 185 / 31
-------------------------------------------------------------------------
Delay:               4.827ns (Levels of Logic = 3)
  Source:            D1/sumx_0 (FF)
  Destination:       D1/sumx_4 (FF)
  Source Clock:      clk rising
  Destination Clock: clk rising

  Data Path: D1/sumx_0 to D1/sumx_4
                                Gate     Net
    Cell:in->out      fanout   Delay   Delay  Logical Name (Net Name)
    ----------------------------------------  ------------
     FDRE:C->Q             7   0.591   0.743  D1/sumx_0 (D1/sumx_0)
     LUT4:I2->O            2   0.704   0.482  D1/sumx_and000326 (D1/sumx_and000326)
     LUT4:I2->O            4   0.704   0.591  D1/sumx_and000355 (D1/sumx_and0003)
     LUT4:I3->O            1   0.704   0.000  D1/sumx_mux0000<1>1 (D1/sumx_mux0000<1>)
     FDRE:D                    0.308          D1/sumx_3
    ----------------------------------------
    Total                      4.827ns (3.011ns logic, 1.816ns route)
                                       (62.4% logic, 37.6% route)

=========================================================================
Timing constraint: Default OFFSET IN BEFORE for Clock 'clk'
  Total number of paths / destination ports: 182 / 32
-------------------------------------------------------------------------
Offset:              7.135ns (Levels of Logic = 4)
  Source:            inp4 (PAD)
  Destination:       D1/sumx_4 (FF)
  Destination Clock: clk rising

  Data Path: inp4 to D1/sumx_4
                                Gate     Net
    Cell:in->out      fanout   Delay   Delay  Logical Name (Net Name)
    ----------------------------------------  ------------
     IBUF:I->O            18   1.218   1.243  inp4_IBUF (inp4_IBUF)
     LUT2:I0->O            7   0.704   0.883  D1/sumy_and000024 (D1/sumy_and000024)
     LUT4_L:I0->LO         1   0.704   0.135  D1/sumy_and000038 (D1/sumy_and000038)
     LUT4:I2->O            5   0.704   0.633  D1/sumy_and000051 (D1/sumy_and0000)
     FDRE:R                    0.911          D1/sumy_0
    ----------------------------------------
    Total                      7.135ns (4.241ns logic, 2.894ns route)
                                       (59.4% logic, 40.6% route)

=========================================================================
Timing constraint: Default OFFSET OUT AFTER for Clock 'clk'
  Total number of paths / destination ports: 10 / 10
-------------------------------------------------------------------------
Offset:              4.620ns (Levels of Logic = 1)
  Source:            D1/sumx_2 (FF)
  Destination:       sumx<2> (PAD)
  Source Clock:      clk rising

  Data Path: D1/sumx_2 to sumx<2>
                                Gate     Net
    Cell:in->out      fanout   Delay   Delay  Logical Name (Net Name)
    ----------------------------------------  ------------
     FDRE:C->Q             8   0.591   0.757  D1/sumx_2 (D1/sumx_2)
     OBUF:I->O                 3.272          sumx_2_OBUF (sumx<2>)
    ----------------------------------------
    Total                      4.620ns (3.863ns logic, 0.757ns route)
                                       (83.6% logic, 16.4% route)

=========================================================================


Total REAL time to Xst completion: 5.00 secs
Total CPU time to Xst completion: 5.37 secs
 
--> 


Total memory usage is 515912 kilobytes

Number of errors   :    0 (   0 filtered)
Number of warnings :    0 (   0 filtered)
Number of infos    :    1 (   0 filtered)

