#-----------------------------------------------------------
# PlanAhead v14.7 (64-bit)
# Build 321239 by xbuild on Fri Sep 27 19:24:36 MDT 2013
# Start of session at: Mon Mar  4 14:13:27 2019
# Process ID: 30007
# Log file: /media/vaibhavj/vaibhav/CS220Labs/Lab6_2/walk_in_a_square_grid/planAhead_run_1/planAhead.log
# Journal file: /media/vaibhavj/vaibhav/CS220Labs/Lab6_2/walk_in_a_square_grid/planAhead_run_1/planAhead.jou
#-----------------------------------------------------------
start_gui
source /media/vaibhavj/vaibhav/CS220Labs/Lab6_2/walk_in_a_square_grid/pa.fromHdl.tcl
update_compile_order -fileset sim_1
startgroup
set_property package_pin F11 [get_ports {sumx[3]}]
endgroup
startgroup
set_property package_pin E11 [get_ports {sumx[2]}]
endgroup
startgroup
set_property package_pin E12 [get_ports {sumx[1]}]
endgroup
startgroup
set_property package_pin F12 [get_ports {sumx[0]}]
endgroup
set_property iostandard LVTTL [get_ports [list {sumx[3]}]]
set_property iostandard LVTTL [get_ports [list {sumx[2]}]]
set_property iostandard LVTTL [get_ports [list {sumx[1]}]]
set_property iostandard LVTTL [get_ports [list {sumx[0]}]]
set_property drive 8 [get_ports [list {sumx[4]} {sumx[3]} {sumx[2]} {sumx[1]} {sumx[0]}]]
startgroup
set_property package_pin F9 [get_ports {sumy[3]}]
endgroup
startgroup
set_property package_pin E9 [get_ports {sumy[2]}]
endgroup
startgroup
set_property package_pin D11 [get_ports {sumy[1]}]
endgroup
startgroup
set_property package_pin C11 [get_ports {sumy[0]}]
endgroup
set_property is_loc_fixed false [get_ports [list  {sumy[0]}]]
set_property iostandard LVTTL [get_ports [list {sumy[4]} {sumy[3]} {sumy[2]} {sumy[1]} {sumy[0]}]]
set_property drive 8 [get_ports [list {sumy[4]} {sumy[3]} {sumy[2]} {sumy[1]} {sumy[0]}]]
startgroup
set_property package_pin C9 [get_ports clk]
endgroup
set_property iostandard LVCMOS33 [get_ports [list clk]]
startgroup
set_property package_pin L13 [get_ports inp1]
endgroup
startgroup
set_property package_pin L14 [get_ports inp2]
endgroup
startgroup
set_property package_pin H18 [get_ports inp3]
endgroup
startgroup
set_property package_pin N17 [get_ports inp4]
endgroup
set_property iostandard LVTTL [get_ports [list inp1]]
set_property iostandard LVTTL [get_ports [list inp2]]
set_property iostandard LVTTL [get_ports [list inp3]]
set_property iostandard LVTTL [get_ports [list inp4]]
set_property pulltype PULLUP [get_ports [list inp1]]
set_property pulltype PULLUP [get_ports [list inp2]]
set_property pulltype PULLUP [get_ports [list inp3]]
set_property pulltype PULLUP [get_ports [list inp4]]
startgroup
set_property package_pin K18 [get_ports ROT_A]
endgroup
startgroup
set_property package_pin G18 [get_ports ROT_B]
endgroup
set_property iostandard LVTTL [get_ports [list ROT_A]]
set_property iostandard LVTTL [get_ports [list ROT_B]]
set_property pulltype PULLUP [get_ports [list ROT_A]]
set_property pulltype PULLUP [get_ports [list ROT_B]]
save_constraints
