MO detect_rising_edge NULL detect_rising_edge.v vlg34/detect__rising__edge.bin 1551087974
MO module_top NULL module_top.v vlg04/module__top.bin 1551087974
MO one_bit_add_sub NULL one_bit_add_sub.v vlg75/one__bit__add__sub.bin 1551087974
MO rot_event_detect NULL rot_event_detect.v vlg4A/rot__event__detect.bin 1551087974
